// Jest Snapshot v1, https://goo.gl/fbAQLP

exports[`App matches the snapshot 1`] = `
<ContextConsumer>
  <Component />
</ContextConsumer>
`;

exports[`First React component test with Enzyme matches the snapshot 1`] = `
<ContextConsumer>
  <Component />
</ContextConsumer>
`;
